// Jest Snapshot v1, https://goo.gl/fbAQLP

exports[`should match the snapshot 1`] = `
<div
  data-testid="hike"
>
  Hello from server!
  <h1
    className="hikes"
  />
</div>
`;
